
> @reina-madre/design-system@1.2.0 build-storybook
> npm run registry:build && storybook build


> @reina-madre/design-system@1.2.0 registry:build
> npm run registry:generate && npm run catalog:generate && shadcn build src/components/registry.json


> @reina-madre/design-system@1.2.0 registry:generate
> node scripts/generate-registry.mjs

Registry source generated with 51 documented components and 21 support items.

> @reina-madre/design-system@1.2.0 catalog:generate
> node scripts/generate-ux-ui-catalog.mjs

UX/UI catalog generated for v1.2.0: 51 components, 40 typography styles.
- Building grm-base...
- Building accordion...
- Building alert...
- Building alert-dialog...
- Building attachment...
- Building avatar...
- Building badge...
- Building breadcrumb...
- Building button...
- Building button-group...
- Building calendar...
- Building card...
- Building carousel...
- Building checkbox...
- Building collapsible...
- Building combobox...
- Building context-menu...
- Building data-table...
- Building date-picker...
- Building drawer...
- Building dropdown-menu...
- Building empty...
- Building field...
- Building hover-card...
- Building input...
- Building input-otp...
- Building item...
- Building kbd...
- Building label...
- Building menubar...
- Building native-select...
- Building navigation-menu...
- Building pagination...
- Building popover...
- Building progress...
- Building radio-group...
- Building resizable...
- Building scroll-area...
- Building select...
- Building separator...
- Building sheet...
- Building sidebar...
- Building slider...
- Building spinner...
- Building stepper...
- Building switch...
- Building table...
- Building tabs...
- Building toast...
- Building toggle...
- Building toggle-group...
- Building tooltip...
- Building aspect-ratio...
- Building bubble...
- Building chart...
- Building command...
- Building data-table-features...
- Building dialog...
- Building direction...
- Building input-group...
- Building item-appearance...
- Building marker...
- Building message...
- Building message-scroller...
- Building questionnaire...
- Building sheet-body...
- Building sheet-compositions...
- Building sheet-content-sections...
- Building skeleton...
- Building table-cell-content...
- Building tabs-overflow...
- Building textarea...
- Building use-mobile...
✔ Building registry.

┌  Building storybook v10.5.10
│
◇  Cleaning outputDir: storybook-static
│
◇  Loading presets
│
◇  Building manager..
│
●  Building open services..
│
●  Building preview..
│
●  Copying static files: public at storybook-static
│  Vite vite v8.2.2 building client environment for production...
transforming...
✓ 4400 modules transformed.
rendering chunks...
computing gzip size...
│  Vite
│  storybook-static/assets/jetbrains-mono-vietnamese-wght-normal-Bt-aOZkq.woff2
│  7.50 kB
│  storybook-static/assets/plus-jakarta-sans-vietnamese-wght-normal-qRpaaN48.woff2
│  8.35 kB
│  storybook-static/assets/jetbrains-mono-greek-wght-normal-Bw9x6K1M.woff2
│  9.00 kB
│  storybook-static/assets/inter-vietnamese-wght-normal-CBcvBZtf.woff2
│  10.25 kB
│  storybook-static/assets/inter-greek-ext-wght-normal-DlzME5K_.woff2
│  11.23 kB
│  storybook-static/assets/jetbrains-mono-cyrillic-wght-normal-D73BlboJ.woff2
│  12.10 kB
│  storybook-static/assets/jetbrains-mono-latin-ext-wght-normal-DBQx-q_a.woff2
│  15.19 kB
│  storybook-static/assets/inter-cyrillic-wght-normal-DqGufNeO.woff2
│  18.74 kB
│  storybook-static/assets/inter-greek-wght-normal-CkhJZR-_.woff2
│  18.99 kB
│  storybook-static/iframe.html
│  19.51 kB │ gzip:   5.41 kB
│  storybook-static/assets/plus-jakarta-sans-latin-ext-wght-normal-DmpS2jIq.woff2
│  21.72 kB
│  storybook-static/assets/inter-cyrillic-ext-wght-normal-BOeWTOD4.woff2
│  25.96 kB
│  storybook-static/assets/plus-jakarta-sans-latin-wght-normal-eXO_dkmS.woff2
│  27.34 kB
│  storybook-static/assets/kantumruy-pro-latin-wght-normal-C3EWfIgW.woff2
│  33.34 kB
│  storybook-static/assets/jetbrains-mono-latin-wght-normal-B9CIFXIH.woff2
│  40.40 kB
│  storybook-static/assets/inter-latin-wght-normal-Dx4kXJAl.woff2
│  48.25 kB
│  storybook-static/assets/kantumruy-pro-khmer-wght-normal-BlBI3kBv.woff2
│  57.01 kB
│  storybook-static/assets/inter-latin-ext-wght-normal-DO1Apj_S.woff2
│  85.06 kB
│  storybook-static/assets/iframe-BqCtPVdV.css
│  290.76 kB │ gzip:  49.84 kB
│  storybook-static/assets/iframe-DMvKqrxL.js
│  0.04 kB │ gzip:   0.06 kB
│  storybook-static/assets/dist-NfBYIWud.js
│  0.22 kB │ gzip:   0.19 kB
│  storybook-static/assets/minus-BkENeZR7.js
│  0.23 kB │ gzip:   0.20 kB
│  storybook-static/assets/chunk-242VQQM5-Mgu9ZWtn.js
│  0.24 kB │ gzip:   0.20 kB
│  storybook-static/assets/check-BINYoS3w.js
│  0.24 kB │ gzip:   0.21 kB
│  storybook-static/assets/chevron-down-BPaXBmM9.js
│  0.24 kB │ gzip:   0.21 kB
│  storybook-static/assets/chevron-up-DGd_mI-n.js
│  0.24 kB │ gzip:   0.21 kB
│  storybook-static/assets/chevron-left-DAt5cwOu.js
│  0.24 kB │ gzip:   0.21 kB
│  storybook-static/assets/chevron-right-DTFdPTML.js
│  0.24 kB │ gzip:   0.21 kB
│  storybook-static/assets/circle-aO8YdVjs.js
│  0.24 kB │ gzip:   0.20 kB
│  storybook-static/assets/dist-qWfI4e2Y.js
│  0.24 kB │ gzip:   0.21 kB
│  storybook-static/assets/loader-circle-D8uBdfa5.js
│  0.26 kB │ gzip:   0.22 kB
│  storybook-static/assets/plus-DlFS9hI2.js
│  0.27 kB │ gzip:   0.22 kB
│  storybook-static/assets/x-Bw0HZRFe.js
│  0.27 kB │ gzip:   0.22 kB
│  storybook-static/assets/arrow-down-jbgDZpDM.js
│  0.28 kB │ gzip:   0.23 kB
│  storybook-static/assets/chevrons-up-down-n7jS-G8-.js
│  0.29 kB │ gzip:   0.23 kB
│  storybook-static/assets/search-CgKm47yh.js
│  0.29 kB │ gzip:   0.24 kB
│  storybook-static/assets/formatter-L2YTDE3Q-B3ciSpyP.js
│  0.30 kB │ gzip:   0.24 kB
│  storybook-static/assets/circle-check-B1nQVedT.js
│  0.30 kB │ gzip:   0.24 kB
│  storybook-static/assets/info-DcTVNYip.js
│  0.32 kB │ gzip:   0.24 kB
│  storybook-static/assets/chunk-QQBDHPVZ-C-IzcanZ.js
│  0.32 kB │ gzip:   0.20 kB
│  storybook-static/assets/useControlled-BiRy9sjz.js
│  0.33 kB │ gzip:   0.26 kB
│  storybook-static/assets/ellipsis-QvTa8_NO.js
│  0.34 kB │ gzip:   0.23 kB
│  storybook-static/assets/calendar-B2FeP5cM.js
│  0.37 kB │ gzip:   0.27 kB
│  storybook-static/assets/eye-Dgarylbm.js
│  0.37 kB │ gzip:   0.27 kB
│  storybook-static/assets/dist-C2DBZ9X0.js
│  0.38 kB │ gzip:   0.28 kB
│  storybook-static/assets/dist-CNuCoDfK.js
│  0.39 kB │ gzip:   0.29 kB
│  storybook-static/assets/skeleton-DAUD6FNd.js
│  0.40 kB │ gzip:   0.29 kB
│  storybook-static/assets/users-CIJFfLo8.js
│  0.42 kB │ gzip:   0.29 kB
│  storybook-static/assets/scissors-Cbkk9yxc.js
│  0.42 kB │ gzip:   0.28 kB
│  storybook-static/assets/dist-Dah_8rUH.js
│  0.44 kB │ gzip:   0.29 kB
│  storybook-static/assets/trash-2-CFQ23ZFn.js
│  0.44 kB │ gzip:   0.28 kB
│  storybook-static/assets/dist-cFrR0cmF.js
│  0.44 kB │ gzip:   0.33 kB
│  storybook-static/assets/building-2-r4wnKwfs.js
│  0.50 kB │ gzip:   0.31 kB
│  storybook-static/assets/label-DRETez45.js
│  0.58 kB │ gzip:   0.37 kB
│  storybook-static/assets/react-DgUa_zLF.js
│  0.58 kB │ gzip:   0.34 kB
│  storybook-static/assets/triangle-alert-Ce1kYFRE.js
│  0.59 kB │ gzip:   0.36 kB
│  storybook-static/assets/dist-CZp1iG4E.js
│  0.64 kB │ gzip:   0.44 kB
│  storybook-static/assets/dist-CjP_cG5s.js
│  0.66 kB │ gzip:   0.43 kB
│  storybook-static/assets/collapsible-BM5wLt-0.js
│  0.69 kB │ gzip:   0.31 kB
│  storybook-static/assets/triangle-CwaS6DS7.js
│  0.69 kB │ gzip:   0.39 kB
│  storybook-static/assets/DocumentationHeader-BP5eLOuq.js
│  0.71 kB │ gzip:   0.42 kB
│  storybook-static/assets/dist-3NrB0MsW.js
│  0.74 kB │ gzip:   0.46 kB
│  storybook-static/assets/scrollable-B-yYQAy-.js
│  0.74 kB │ gzip:   0.40 kB
│  storybook-static/assets/dist-j8Du9Iu5.js
│  0.75 kB │ gzip:   0.45 kB
│  storybook-static/assets/NonLegacyComponents-D7tp95jn.js
│  0.76 kB │ gzip:   0.43 kB
│  storybook-static/assets/es-c-uAHxHg.js
│  0.78 kB │ gzip:   0.44 kB
│  storybook-static/assets/copy-D-A1fbOr.js
│  0.84 kB │ gzip:   0.44 kB
│  storybook-static/assets/dist-BVbUM6d5.js
│  0.85 kB │ gzip:   0.54 kB
│  storybook-static/assets/shim-C9SUlv_c.js
│  0.85 kB │ gzip:   0.46 kB
│  storybook-static/assets/Releases-B9aUcUek.js
│  0.88 kB │ gzip:   0.50 kB
│  storybook-static/assets/textarea-Buv0mPk4.js
│  0.91 kB │ gzip:   0.50 kB
│  storybook-static/assets/kbd-hFB_OgzZ.js
│  0.92 kB │ gzip:   0.48 kB
│  storybook-static/assets/react-18-4zaUxpoR.js
│  0.93 kB │ gzip:   0.53 kB
│  storybook-static/assets/with-selector-QEw7AoPk.js
│  0.94 kB │ gzip:   0.53 kB
│  storybook-static/assets/Typography-BtKbOuo_.js
│  0.98 kB │ gzip:   0.57 kB
│  storybook-static/assets/TypographyTable.stories-BQGSZ7rZ.js
│  1.01 kB │ gzip:   0.59 kB
│  storybook-static/assets/input-CsbeMLPk.js
│  1.02 kB │ gzip:   0.53 kB
│  storybook-static/assets/dist-BpnCtcm2.js
│  1.03 kB │ gzip:   0.55 kB
│  storybook-static/assets/Tokens-Bw2zS2yX.js
│  1.11 kB │ gzip:   0.59 kB
│  storybook-static/assets/user-BbM1oH7r.js
│  1.15 kB │ gzip:   0.57 kB
│  storybook-static/assets/palette-OVNsfcWl.js
│  1.18 kB │ gzip:   0.58 kB
│  storybook-static/assets/rolldown-runtime-CsOFd3vK.js
│  1.25 kB │ gzip:   0.69 kB
│  storybook-static/assets/preload-helper-8jINIF9P.js
│  1.31 kB │ gzip:   0.74 kB
│  storybook-static/assets/separator-BrVf4L6D.js
│  1.34 kB │ gzip:   0.68 kB
│  storybook-static/assets/DocsRenderer-JROSPFPF-DbZ_La1D.js
│  1.37 kB │ gzip:   0.73 kB
│  storybook-static/assets/spinner-Bc7VfKYJ.js
│  1.38 kB │ gzip:   0.73 kB
│  storybook-static/assets/chunk-IMSF75WX-DNrZgEBt.js
│  1.67 kB │ gzip:   0.90 kB
│  storybook-static/assets/createLucideIcon-DC3PsovF.js
│  1.85 kB │ gzip:   0.94 kB
│  storybook-static/assets/dist-CTERa1x0.js
│  1.89 kB │ gzip:   0.83 kB
│  storybook-static/assets/dist-BVvM-nOU.js
│  1.90 kB │ gzip:   0.93 kB
│  storybook-static/assets/spinner.stories-B2zVSwf8.js
│  2.14 kB │ gzip:   1.03 kB
│  storybook-static/assets/native-select-V8C-NX7b.js
│  2.16 kB │ gzip:   0.92 kB
│  storybook-static/assets/composite-6-IJIhru.js
│  2.44 kB │ gzip:   0.94 kB
│  storybook-static/assets/button-group-B6ykSxYk.js
│  2.50 kB │ gzip:   0.96 kB
│  storybook-static/assets/toggle-DoUjYWQd.js
│  2.52 kB │ gzip:   1.22 kB
│  storybook-static/assets/progress-Bu6_1vNf.js
│  2.62 kB │ gzip:   1.28 kB
│  storybook-static/assets/breadcrumb-CWQrWkOD.js
│  2.82 kB │ gzip:   0.93 kB
│  storybook-static/assets/badge.stories-CIrh2_zO.js
│  2.84 kB │ gzip:   1.15 kB
│  storybook-static/assets/dist-bexhUbdy.js
│  2.85 kB │ gzip:   1.25 kB
│  storybook-static/assets/dist-DbFHef1H.js
│  2.85 kB │ gzip:   1.23 kB
│  storybook-static/assets/separator.stories-BHr2i9B-.js
│  2.89 kB │ gzip:   1.23 kB
│  storybook-static/assets/BrandTokensTable.stories-DtSSutbc.js
│  2.94 kB │ gzip:   1.17 kB
│  storybook-static/assets/dist-CZIV82ff.js
│  3.03 kB │ gzip:   1.36 kB
│  storybook-static/assets/button-eST9rtiI.js
│  3.38 kB │ gzip:   1.19 kB
│  storybook-static/assets/chunk-DRQKCCAG-B86Ue5fe.js
│  3.39 kB │ gzip:   1.41 kB
│  storybook-static/assets/progress.stories-CTpyEe64.js
│  3.40 kB │ gzip:   1.55 kB
│  storybook-static/assets/scroll-area.stories-uQwINbrh.js
│  3.76 kB │ gzip:   1.60 kB
│  storybook-static/assets/toggle.stories-C9R6jgxF.js
│  3.78 kB │ gzip:   1.46 kB
│  storybook-static/assets/card-Dt4zPme_.js
│  3.80 kB │ gzip:   1.23 kB
│  storybook-static/assets/card.stories-pnQom3Zx.js
│  3.87 kB │ gzip:   1.42 kB
│  storybook-static/assets/native-select.stories-CEx7h56Q.js
│  3.94 kB │ gzip:   1.53 kB
│  storybook-static/assets/react-dom-DohlnDi3.js
│  3.97 kB │ gzip:   1.47 kB
│  storybook-static/assets/floating-ui.utils.dom-Cc95gus3.js
│  4.08 kB │ gzip:   1.82 kB
│  storybook-static/assets/breadcrumb.stories-CvQbO6v8.js
│  4.10 kB │ gzip:   1.83 kB
│  storybook-static/assets/badge-D2fVtD4g.js
│  4.19 kB │ gzip:   1.21 kB
│  storybook-static/assets/input-group-D4qDz2cP.js
│  4.24 kB │ gzip:   1.43 kB
│  storybook-static/assets/sheet-BgcTKiZW.js
│  4.37 kB │ gzip:   1.34 kB
│  storybook-static/assets/popover.stories-Cz1sf88E.js
│  4.38 kB │ gzip:   1.74 kB
│  storybook-static/assets/label.stories-B5y52Bs9.js
│  4.47 kB │ gzip:   1.72 kB
│  storybook-static/assets/spinner-B08nBExD.js
│  4.61 kB │ gzip:   1.86 kB
│  storybook-static/assets/dropdown-menu.stories-Byej4uqz.js
│  4.62 kB │ gzip:   1.81 kB
│  storybook-static/assets/useRenderElement-D7IQeaNu.js
│  4.69 kB │ gzip:   2.04 kB
│  storybook-static/assets/switch.stories-DcHrPZXU.js
│  4.77 kB │ gzip:   1.79 kB
│  storybook-static/assets/dist-FR-UHPVj.js
│  4.77 kB │ gzip:   2.06 kB
│  storybook-static/assets/kbd.stories-BR2At_4J.js
│  4.84 kB │ gzip:   1.93 kB
│  storybook-static/assets/selectable-docs-shared-DUC7R__x.js
│  4.99 kB │ gzip:   1.34 kB
│  storybook-static/assets/avatar-Betxjbi0.js
│  5.01 kB │ gzip:   1.82 kB
│  storybook-static/assets/radio-group.stories-BLYePV7B.js
│  5.06 kB │ gzip:   1.91 kB
│  storybook-static/assets/tooltip.stories-DRaTjhQ-.js
│  5.16 kB │ gzip:   1.88 kB
│  storybook-static/assets/alert.stories-rPDELX5F.js
│  5.19 kB │ gzip:   1.89 kB
│  storybook-static/assets/checkbox.stories-ButNH7tx.js
│  5.23 kB │ gzip:   1.95 kB
│  storybook-static/assets/item-appearance-C1Lzwpvb.js
│  5.33 kB │ gzip:   1.81 kB
│  storybook-static/assets/chunk-KJHJLCBK-B3D1ymOK.js
│  5.35 kB │ gzip:   2.05 kB
│  storybook-static/assets/ReleasesHistory.stories-sZCX-OUt.js
│  5.42 kB │ gzip:   1.52 kB
│  storybook-static/assets/dist-ZS8QbLuA.js
│  5.44 kB │ gzip:   1.98 kB
│  storybook-static/assets/dist-BNmk2P5j.js
│  5.54 kB │ gzip:   2.56 kB
│  storybook-static/assets/checkbox-BN2nsN5n.js
│  5.58 kB │ gzip:   2.31 kB
│  storybook-static/assets/dist-CSD4FtWe.js
│  5.63 kB │ gzip:   2.03 kB
│  storybook-static/assets/switch-DUAM36x4.js
│  5.70 kB │ gzip:   2.30 kB
│  storybook-static/assets/collapsible.stories-DQvqNJH3.js
│  5.71 kB │ gzip:   2.09 kB
│  storybook-static/assets/slider.stories-C7ldJG-O.js
│  5.73 kB │ gzip:   2.02 kB
│  storybook-static/assets/field-pCMb8e1v.js
│  5.87 kB │ gzip:   1.84 kB
│  storybook-static/assets/select.stories-14dkU88o.js
│  6.19 kB │ gzip:   2.25 kB
│  storybook-static/assets/input-otp.stories-CNwxY_hr.js
│  6.46 kB │ gzip:   2.27 kB
│  storybook-static/assets/input.stories-Cz_rad_T.js
│  6.67 kB │ gzip:   2.21 kB
│  storybook-static/assets/combobox.stories-scQCQyiI.js
│  6.67 kB │ gzip:   2.30 kB
│  storybook-static/assets/separator-C-sOBc-U.js
│  6.68 kB │ gzip:   2.25 kB
│  storybook-static/assets/empty.stories-Bn7L7hso.js
│  6.85 kB │ gzip:   2.38 kB
│  storybook-static/assets/button.stories-DxfCtWM8.js
│  7.28 kB │ gzip:   2.05 kB
│  storybook-static/assets/dist-C9aw2TTN.js
│  7.32 kB │ gzip:   2.68 kB
│  storybook-static/assets/label-DXFi2Y0q.js
│  7.44 kB │ gzip:   2.59 kB
│  storybook-static/assets/radio-group-BUNASm6c.js
│  7.52 kB │ gzip:   2.89 kB
│  storybook-static/assets/date-picker.stories-BfviGNvn.js
│  7.53 kB │ gzip:   2.82 kB
│  storybook-static/assets/button-group.stories-DgxRDfSe.js
│  7.80 kB │ gzip:   2.63 kB
│  storybook-static/assets/react-Z7gd5LxR.js
│  7.90 kB │ gzip:   3.03 kB
│  storybook-static/assets/alert-CCsYCaa0.js
│  8.02 kB │ gzip:   2.64 kB
│  storybook-static/assets/field.stories-FqIGtu8o.js
│  8.60 kB │ gzip:   2.76 kB
│  storybook-static/assets/stepper.stories-DlwhS6-u.js
│  8.80 kB │ gzip:   2.12 kB
│  storybook-static/assets/progress-Jjkl9ugh.js
│  9.00 kB │ gzip:   2.95 kB
│  storybook-static/assets/pagination.stories-C8_e0TdU.js
│  9.12 kB │ gzip:   2.78 kB
│  storybook-static/assets/tabs-overflow-DfxsfApe.js
│  9.19 kB │ gzip:   3.30 kB
│  storybook-static/assets/Introduction-DqXOlS9Y.js
│  9.36 kB │ gzip:   3.18 kB
│  storybook-static/assets/card-SAC6Md33.js
│  9.37 kB │ gzip:   2.90 kB
│  storybook-static/assets/hover-card-CPFCkp_l.js
│  9.40 kB │ gzip:   3.08 kB
│  storybook-static/assets/accordion-DB71XJyB.js
│  9.50 kB │ gzip:   2.81 kB
│  storybook-static/assets/kbd-ByOw5M2P.js
│  9.74 kB │ gzip:   3.18 kB
│  storybook-static/assets/useAnchoredPopupScrollLock-DUCC5YRQ.js
│  9.78 kB │ gzip:   4.22 kB
│  storybook-static/assets/scroll-area-DGHmVagj.js
│  9.84 kB │ gzip:   3.22 kB
│  storybook-static/assets/checkbox-DupHrIwO.js
│  9.94 kB │ gzip:   3.28 kB
│  storybook-static/assets/useSwipeDismiss-BZQUUC3z.js
│  9.96 kB │ gzip:   4.04 kB
│  storybook-static/assets/switch-Djaan2b3.js
│  10.02 kB │ gzip:   3.14 kB
│  storybook-static/assets/radio-group-DPZJkptB.js
│  10.03 kB │ gzip:   3.22 kB
│  storybook-static/assets/empty-H1APxS9v.js
│  10.07 kB │ gzip:   3.03 kB
│  storybook-static/assets/accordion.stories-BiUxcsqa.js
│  10.20 kB │ gzip:   3.89 kB
│  storybook-static/assets/attachment.stories-DzlVinQf.js
│  10.31 kB │ gzip:   3.23 kB
│  storybook-static/assets/calendar.stories-GfcP-jih.js
│  10.34 kB │ gzip:   3.36 kB
│  storybook-static/assets/tooltip-BT_VZnbq.js
│  10.35 kB │ gzip:   3.41 kB
│  storybook-static/assets/breadcrumb-BplelTDf.js
│  10.49 kB │ gzip:   3.24 kB
│  storybook-static/assets/tabs.stories-CtHr_afq.js
│  10.59 kB │ gzip:   3.19 kB
│  storybook-static/assets/tooltip-DWsf9yT2.js
│  10.61 kB │ gzip:   3.82 kB
│  storybook-static/assets/native-select-FaREQVnk.js
│  10.67 kB │ gzip:   3.16 kB
│  storybook-static/assets/hover-card.stories-Ddql4YG3.js
│  10.78 kB │ gzip:   3.86 kB
│  storybook-static/assets/dropdown-menu-BY53RAWr.js
│  10.80 kB │ gzip:   2.89 kB
│  storybook-static/assets/avatar.stories-Db1iUadb.js
│  10.85 kB │ gzip:   3.41 kB
│  storybook-static/assets/toggle-B9XgmpaF.js
│  11.08 kB │ gzip:   3.40 kB
│  storybook-static/assets/table-cell-content-DdrMtMvo.js
│  11.38 kB │ gzip:   3.26 kB
│  storybook-static/assets/collapsible-BaUPs6_3.js
│  11.46 kB │ gzip:   3.35 kB
│  storybook-static/assets/alert-dialog.stories-r0QcCXjk.js
│  11.47 kB │ gzip:   3.13 kB
│  storybook-static/assets/slider-DNpDAuqe.js
│  11.65 kB │ gzip:   3.72 kB
│  storybook-static/assets/slider-D9BbF7NL.js
│  11.68 kB │ gzip:   4.51 kB
│  storybook-static/assets/resizable-0pbTPpUT.js
│  11.78 kB │ gzip:   3.40 kB
│  storybook-static/assets/popover-DShr25Xc.js
│  11.85 kB │ gzip:   3.63 kB
│  storybook-static/assets/input-otp-xOKPQWxC.js
│  11.97 kB │ gzip:   4.67 kB
│  storybook-static/assets/table.stories-7pQ_IeQO.js
│  12.19 kB │ gzip:   3.89 kB
│  storybook-static/assets/toggle-group-BC1T8LCZ.js
│  13.15 kB │ gzip:   3.87 kB
│  storybook-static/assets/alert-dialog-CPqKQTbI.js
│  13.34 kB │ gzip:   3.47 kB
│  storybook-static/assets/date-picker-BbmvaBMs.js
│  13.82 kB │ gzip:   4.27 kB
│  storybook-static/assets/context-menu.stories-aCBLi8Yn.js
│  13.86 kB │ gzip:   4.17 kB
│  storybook-static/assets/input-otp-DiAY7Rk6.js
│  14.14 kB │ gzip:   4.25 kB
│  storybook-static/assets/toggle-group.stories-DC3Prkc3.js
│  14.32 kB │ gzip:   4.69 kB
│  storybook-static/assets/badge-DccZeJ_l.js
│  14.34 kB │ gzip:   3.93 kB
│  storybook-static/assets/dist-BeYmhanE.js
│  14.48 kB │ gzip:   4.89 kB
│  storybook-static/assets/attachment-BQRRNImA.js
│  14.56 kB │ gzip:   4.04 kB
│  storybook-static/assets/scroll-area-Bmk6wY0u.js
│  14.71 kB │ gzip:   4.63 kB
│  storybook-static/assets/pagination-Dfa_PfK6.js
│  14.82 kB │ gzip:   4.12 kB
│  storybook-static/assets/button-group-fxaxM3lf.js
│  15.66 kB │ gzip:   4.22 kB
│  storybook-static/assets/context-menu-pF5OdO7e.js
│  15.93 kB │ gzip:   3.95 kB
│  storybook-static/assets/button-D3uhTfFj.js
│  16.00 kB │ gzip:   4.24 kB
│  storybook-static/assets/image-Blg6hgxQ.js
│  16.70 kB │ gzip:   6.28 kB
│  storybook-static/assets/carousel-C7N4_2eM.js
│  17.44 kB │ gzip:   5.15 kB
│  storybook-static/assets/dropdown-menu-C-rnzIjZ.js
│  17.51 kB │ gzip:   4.13 kB
│  storybook-static/assets/input-Cr64nZFw.js
│  18.01 kB │ gzip:   5.11 kB
│  storybook-static/assets/es2015-CoDd2tM0.js
│  18.44 kB │ gzip:   7.03 kB
│  storybook-static/assets/floating-ui.react-dom-COOJCw2o.js
│  18.55 kB │ gzip:   7.34 kB
│  storybook-static/assets/toast-CwQEkSJd.js
│  18.96 kB │ gzip:   5.36 kB
│  storybook-static/assets/select-JyGUIJk9.js
│  19.25 kB │ gzip:   5.23 kB
│  storybook-static/assets/navigation-menu-UgFkGkK1.js
│  20.02 kB │ gzip:   5.29 kB
│  storybook-static/assets/menubar-DL0jwSAE.js
│  20.47 kB │ gzip:   4.98 kB
│  storybook-static/assets/tabs-DHXiPoxa.js
│  20.63 kB │ gzip:   5.94 kB
│  storybook-static/assets/field-DLh176zT.js
│  20.86 kB │ gzip:   5.65 kB
│  storybook-static/assets/avatar-Ch2IGlf3.js
│  21.72 kB │ gzip:   5.50 kB
│  storybook-static/assets/chunk-W22LQPXL-CcMOmKQB.js
│  22.73 kB │ gzip:   7.60 kB
│  storybook-static/assets/item.stories-C9Cu35uq.js
│  22.86 kB │ gzip:   5.99 kB
│  storybook-static/assets/menubar.stories-D4OpB0nN.js
│  23.08 kB │ gzip:   6.69 kB
│  storybook-static/assets/combobox-BksHCx8p.js
│  23.33 kB │ gzip:   6.10 kB
│  storybook-static/assets/stepper-example-DZ_fNgC-.js
│  24.37 kB │ gzip:   6.75 kB
│  storybook-static/assets/inertValue-D-hK6B-p.js
│  24.40 kB │ gzip:   9.39 kB
│  storybook-static/assets/drawer-QW2w1NHS.js
│  25.10 kB │ gzip:   6.46 kB
│  storybook-static/assets/popover-DSahWDSs.js
│  25.28 kB │ gzip:   8.83 kB
│  storybook-static/assets/table-TK-fDdk-.js
│  25.50 kB │ gzip:   7.19 kB
│  storybook-static/assets/navigation-menu.stories-C1ZBww2T.js
│  25.58 kB │ gzip:   8.06 kB
│  storybook-static/assets/select-DpwAGCHG.js
│  25.66 kB │ gzip:   8.44 kB
│  storybook-static/assets/TypographyTable-Dxf_Ormk.js
│  27.00 kB │ gzip:   6.03 kB
│  storybook-static/assets/calendar-CwO2UceR.js
│  27.04 kB │ gzip:   7.01 kB
│  storybook-static/assets/carousel.stories-BXN1WTmd.js
│  27.63 kB │ gzip:  10.17 kB
│  storybook-static/assets/utils-Cr3XL-wn.js
│  27.68 kB │ gzip:   8.95 kB
│  storybook-static/vite-inject-mocker-entry.js
│  27.84 kB │ gzip:   9.66 kB
│  storybook-static/assets/matchers-JIUQ3HVY-D2RxGVML.js
│  28.79 kB │ gzip:   9.68 kB
│  storybook-static/assets/semantic-brand-token-values-BMc1Iw-q.js
│  30.12 kB │ gzip:   6.06 kB
│  storybook-static/assets/Color-6AOWCN3U-UjO50skk.js
│  30.40 kB │ gzip:  11.49 kB
│  storybook-static/assets/useScrollLock-BtlaDqVP.js
│  30.85 kB │ gzip:  10.91 kB
│  storybook-static/assets/data-table-qpHgW64A.js
│  32.12 kB │ gzip:   8.48 kB
│  storybook-static/assets/toast.stories-BoQVIz0w.js
│  32.16 kB │ gzip:  10.65 kB
│  storybook-static/assets/WithTooltip-CDUNV5IS-BtSUXeD6.js
│  32.78 kB │ gzip:  11.49 kB
│  storybook-static/assets/item-Bc1aFe6v.js
│  34.01 kB │ gzip:   8.48 kB
│  storybook-static/assets/sidebar.stories-Bn2S4Va8.js
│  34.50 kB │ gzip:   9.60 kB
│  storybook-static/assets/sheet-DW8jQyRr.js
│  37.93 kB │ gzip:  10.73 kB
│  storybook-static/assets/resizable.stories-Cb05xDVa.js
│  38.62 kB │ gzip:  12.50 kB
│  storybook-static/assets/sidebar-HDVJVdWb.js
│  41.07 kB │ gzip:   9.80 kB
│  storybook-static/assets/drawer.stories-CPOF3Ofw.js
│  47.68 kB │ gzip:  15.09 kB
│  storybook-static/assets/stepper-DyUek5WW.js
│  54.64 kB │ gzip:  13.04 kB
│  storybook-static/assets/theming-BbYBK-GI.js
│  55.40 kB │ gzip:  21.34 kB
│  storybook-static/assets/sheet.stories-M8IbhRzs.js
│  58.15 kB │ gzip:  12.90 kB
│  storybook-static/assets/combobox-BCEfkcGD.js
│  65.29 kB │ gzip:  22.25 kB
│  storybook-static/assets/syntaxhighlighter-QEQV7K2Y-lE8Z5q_o.js
│  75.92 kB │ gzip:  27.27 kB
│  storybook-static/assets/calendar-CFmsoFSA.js
│  87.34 kB │ gzip:  25.51 kB
│  storybook-static/assets/data-table.stories-C_xpJNJL.js
│  96.47 kB │ gzip:  25.67 kB
│  storybook-static/assets/BrandTokensTable-CfCHPVrP.js
│  166.28 kB │ gzip:  21.22 kB
│  storybook-static/assets/blocks-CHgvUeom.js
│  191.57 kB │ gzip:  60.73 kB
│  storybook-static/assets/components-BQCy7Q5W.js
│  565.86 kB │ gzip: 180.15 kB
│  storybook-static/assets/axe-CShzAkcV.js
│  587.04 kB │ gzip: 160.26 kB
│  storybook-static/assets/ReleasesHistory-D8WGPiF3.js
│  817.22 kB │ gzip: 155.98 kB
│  storybook-static/assets/iframe-CjncTJVE.js
│  1,557.96 kB │ gzip: 441.67 kB

│
▲  Vite [plugin builtin:vite-reporter]
│  (!) Some chunks are larger than 500 kB after minification. Consider:
│  - Using dynamic import() to code-split the application
│  - Use build.rolldownOptions.output.codeSplitting to improve chunking:
│  ]8;;https://rolldown.rs/reference/OutputOptions.codeSplittinghttps://rolldown.rs/reference/OutputOptions.codeSplitting]8;;
│  - Adjust chunk size limit for this warning via
│  build.chunkSizeWarningLimit.
│  Vite ✓ built in 3.45s
│
◇  Output directory: /Users/miguelarias/DEV/REINA
│  MADRE/ds-grm-documentation/storybook-static
│
└  Storybook build completed successfully

