
> @reina-madre/design-system@1.2.0 build-storybook
> npm run registry:build && storybook build


> @reina-madre/design-system@1.2.0 registry:build
> npm run registry:generate && npm run catalog:generate && shadcn build src/components/registry.json


> @reina-madre/design-system@1.2.0 registry:generate
> node scripts/generate-registry.mjs

Registry source generated with 51 documented components and 21 support items.

> @reina-madre/design-system@1.2.0 catalog:generate
> node scripts/generate-ux-ui-catalog.mjs

UX/UI catalog generated for v1.2.0: 51 components, 40 typography styles.
- Building grm-base...
- Building accordion...
- Building alert...
- Building alert-dialog...
- Building attachment...
- Building avatar...
- Building badge...
- Building breadcrumb...
- Building button...
- Building button-group...
- Building calendar...
- Building card...
- Building carousel...
- Building checkbox...
- Building collapsible...
- Building combobox...
- Building context-menu...
- Building data-table...
- Building date-picker...
- Building drawer...
- Building dropdown-menu...
- Building empty...
- Building field...
- Building hover-card...
- Building input...
- Building input-otp...
- Building item...
- Building kbd...
- Building label...
- Building menubar...
- Building native-select...
- Building navigation-menu...
- Building pagination...
- Building popover...
- Building progress...
- Building radio-group...
- Building resizable...
- Building scroll-area...
- Building select...
- Building separator...
- Building sheet...
- Building sidebar...
- Building slider...
- Building spinner...
- Building stepper...
- Building switch...
- Building table...
- Building tabs...
- Building toast...
- Building toggle...
- Building toggle-group...
- Building tooltip...
- Building aspect-ratio...
- Building bubble...
- Building chart...
- Building command...
- Building data-table-features...
- Building dialog...
- Building direction...
- Building input-group...
- Building item-appearance...
- Building marker...
- Building message...
- Building message-scroller...
- Building questionnaire...
- Building sheet-body...
- Building sheet-compositions...
- Building sheet-content-sections...
- Building skeleton...
- Building table-cell-content...
- Building tabs-overflow...
- Building textarea...
- Building use-mobile...
✔ Building registry.

┌  Building storybook v10.5.10
│
◇  Cleaning outputDir: storybook-static
│
◇  Loading presets
│
◇  Building manager..
│
●  Building open services..
│
●  Building preview..
│
●  Copying static files: public at storybook-static
│  Vite vite v8.2.2 building client environment for production...
transforming...
✓ 4400 modules transformed.
rendering chunks...
computing gzip size...
│  Vite
│  storybook-static/assets/jetbrains-mono-vietnamese-wght-normal-Bt-aOZkq.woff2
│  7.50 kB
│  storybook-static/assets/plus-jakarta-sans-vietnamese-wght-normal-qRpaaN48.woff2
│  8.35 kB
│  storybook-static/assets/jetbrains-mono-greek-wght-normal-Bw9x6K1M.woff2
│  9.00 kB
│  storybook-static/assets/inter-vietnamese-wght-normal-CBcvBZtf.woff2
│  10.25 kB
│  storybook-static/assets/inter-greek-ext-wght-normal-DlzME5K_.woff2
│  11.23 kB
│  storybook-static/assets/jetbrains-mono-cyrillic-wght-normal-D73BlboJ.woff2
│  12.10 kB
│  storybook-static/assets/jetbrains-mono-latin-ext-wght-normal-DBQx-q_a.woff2
│  15.19 kB
│  storybook-static/assets/inter-cyrillic-wght-normal-DqGufNeO.woff2
│  18.74 kB
│  storybook-static/assets/inter-greek-wght-normal-CkhJZR-_.woff2
│  18.99 kB
│  storybook-static/iframe.html
│  19.51 kB │ gzip:   5.41 kB
│  storybook-static/assets/plus-jakarta-sans-latin-ext-wght-normal-DmpS2jIq.woff2
│  21.72 kB
│  storybook-static/assets/inter-cyrillic-ext-wght-normal-BOeWTOD4.woff2
│  25.96 kB
│  storybook-static/assets/plus-jakarta-sans-latin-wght-normal-eXO_dkmS.woff2
│  27.34 kB
│  storybook-static/assets/kantumruy-pro-latin-wght-normal-C3EWfIgW.woff2
│  33.34 kB
│  storybook-static/assets/jetbrains-mono-latin-wght-normal-B9CIFXIH.woff2
│  40.40 kB
│  storybook-static/assets/inter-latin-wght-normal-Dx4kXJAl.woff2
│  48.25 kB
│  storybook-static/assets/kantumruy-pro-khmer-wght-normal-BlBI3kBv.woff2
│  57.01 kB
│  storybook-static/assets/inter-latin-ext-wght-normal-DO1Apj_S.woff2
│  85.06 kB
│  storybook-static/assets/iframe-BqCtPVdV.css
│  290.76 kB │ gzip:  49.84 kB
│  storybook-static/assets/iframe-WO95zr_0.js
│  0.04 kB │ gzip:   0.06 kB
│  storybook-static/assets/dist-NfBYIWud.js
│  0.22 kB │ gzip:   0.19 kB
│  storybook-static/assets/minus-BkENeZR7.js
│  0.23 kB │ gzip:   0.20 kB
│  storybook-static/assets/chunk-242VQQM5-Mgu9ZWtn.js
│  0.24 kB │ gzip:   0.20 kB
│  storybook-static/assets/check-BINYoS3w.js
│  0.24 kB │ gzip:   0.21 kB
│  storybook-static/assets/chevron-down-BPaXBmM9.js
│  0.24 kB │ gzip:   0.21 kB
│  storybook-static/assets/chevron-up-DGd_mI-n.js
│  0.24 kB │ gzip:   0.21 kB
│  storybook-static/assets/chevron-left-DAt5cwOu.js
│  0.24 kB │ gzip:   0.21 kB
│  storybook-static/assets/chevron-right-DTFdPTML.js
│  0.24 kB │ gzip:   0.21 kB
│  storybook-static/assets/circle-aO8YdVjs.js
│  0.24 kB │ gzip:   0.20 kB
│  storybook-static/assets/dist-qWfI4e2Y.js
│  0.24 kB │ gzip:   0.21 kB
│  storybook-static/assets/loader-circle-D8uBdfa5.js
│  0.26 kB │ gzip:   0.22 kB
│  storybook-static/assets/plus-DlFS9hI2.js
│  0.27 kB │ gzip:   0.22 kB
│  storybook-static/assets/x-Bw0HZRFe.js
│  0.27 kB │ gzip:   0.22 kB
│  storybook-static/assets/arrow-down-jbgDZpDM.js
│  0.28 kB │ gzip:   0.23 kB
│  storybook-static/assets/chevrons-up-down-n7jS-G8-.js
│  0.29 kB │ gzip:   0.23 kB
│  storybook-static/assets/search-CgKm47yh.js
│  0.29 kB │ gzip:   0.24 kB
│  storybook-static/assets/formatter-L2YTDE3Q-B3ciSpyP.js
│  0.30 kB │ gzip:   0.24 kB
│  storybook-static/assets/circle-check-B1nQVedT.js
│  0.30 kB │ gzip:   0.24 kB
│  storybook-static/assets/info-DcTVNYip.js
│  0.32 kB │ gzip:   0.24 kB
│  storybook-static/assets/chunk-QQBDHPVZ-C-IzcanZ.js
│  0.32 kB │ gzip:   0.20 kB
│  storybook-static/assets/useControlled-BiRy9sjz.js
│  0.33 kB │ gzip:   0.26 kB
│  storybook-static/assets/ellipsis-QvTa8_NO.js
│  0.34 kB │ gzip:   0.23 kB
│  storybook-static/assets/calendar-B2FeP5cM.js
│  0.37 kB │ gzip:   0.27 kB
│  storybook-static/assets/eye-Dgarylbm.js
│  0.37 kB │ gzip:   0.27 kB
│  storybook-static/assets/dist-C2DBZ9X0.js
│  0.38 kB │ gzip:   0.28 kB
│  storybook-static/assets/dist-Duh5j8bm.js
│  0.39 kB │ gzip:   0.29 kB
│  storybook-static/assets/skeleton-BGCT624O.js
│  0.40 kB │ gzip:   0.29 kB
│  storybook-static/assets/users-CIJFfLo8.js
│  0.42 kB │ gzip:   0.29 kB
│  storybook-static/assets/scissors-Cbkk9yxc.js
│  0.42 kB │ gzip:   0.28 kB
│  storybook-static/assets/dist-Dah_8rUH.js
│  0.44 kB │ gzip:   0.29 kB
│  storybook-static/assets/trash-2-CFQ23ZFn.js
│  0.44 kB │ gzip:   0.28 kB
│  storybook-static/assets/dist-cFrR0cmF.js
│  0.44 kB │ gzip:   0.33 kB
│  storybook-static/assets/building-2-r4wnKwfs.js
│  0.50 kB │ gzip:   0.31 kB
│  storybook-static/assets/label-Cv_ltE2_.js
│  0.58 kB │ gzip:   0.37 kB
│  storybook-static/assets/react-DgUa_zLF.js
│  0.58 kB │ gzip:   0.34 kB
│  storybook-static/assets/triangle-alert-Ce1kYFRE.js
│  0.59 kB │ gzip:   0.36 kB
│  storybook-static/assets/dist-CWxgtHdQ.js
│  0.64 kB │ gzip:   0.44 kB
│  storybook-static/assets/dist-CP9140kf.js
│  0.66 kB │ gzip:   0.44 kB
│  storybook-static/assets/collapsible-6jptG2Yj.js
│  0.69 kB │ gzip:   0.32 kB
│  storybook-static/assets/triangle-CwaS6DS7.js
│  0.69 kB │ gzip:   0.39 kB
│  storybook-static/assets/DocumentationHeader-NsRjgXkr.js
│  0.71 kB │ gzip:   0.42 kB
│  storybook-static/assets/dist-3NrB0MsW.js
│  0.74 kB │ gzip:   0.46 kB
│  storybook-static/assets/scrollable-B-yYQAy-.js
│  0.74 kB │ gzip:   0.40 kB
│  storybook-static/assets/dist-j8Du9Iu5.js
│  0.75 kB │ gzip:   0.45 kB
│  storybook-static/assets/NonLegacyComponents-BY8IUQsA.js
│  0.76 kB │ gzip:   0.43 kB
│  storybook-static/assets/es-D6pcr5lt.js
│  0.78 kB │ gzip:   0.44 kB
│  storybook-static/assets/copy-D-A1fbOr.js
│  0.84 kB │ gzip:   0.44 kB
│  storybook-static/assets/dist-X9_cs67f.js
│  0.85 kB │ gzip:   0.55 kB
│  storybook-static/assets/shim-C9SUlv_c.js
│  0.85 kB │ gzip:   0.46 kB
│  storybook-static/assets/Releases-BvLueUC_.js
│  0.88 kB │ gzip:   0.50 kB
│  storybook-static/assets/textarea-cUydsBpr.js
│  0.91 kB │ gzip:   0.50 kB
│  storybook-static/assets/kbd-BomX7OEL.js
│  0.92 kB │ gzip:   0.47 kB
│  storybook-static/assets/react-18-BnLR9ESS.js
│  0.93 kB │ gzip:   0.54 kB
│  storybook-static/assets/with-selector-QEw7AoPk.js
│  0.94 kB │ gzip:   0.53 kB
│  storybook-static/assets/Typography-DzeS6t89.js
│  0.98 kB │ gzip:   0.57 kB
│  storybook-static/assets/TypographyTable.stories-C87qVQyL.js
│  1.01 kB │ gzip:   0.59 kB
│  storybook-static/assets/input-CFy5x9d_.js
│  1.02 kB │ gzip:   0.53 kB
│  storybook-static/assets/dist-BpnCtcm2.js
│  1.03 kB │ gzip:   0.55 kB
│  storybook-static/assets/Tokens-4-X2KeWS.js
│  1.11 kB │ gzip:   0.60 kB
│  storybook-static/assets/user-BbM1oH7r.js
│  1.15 kB │ gzip:   0.57 kB
│  storybook-static/assets/palette-OVNsfcWl.js
│  1.18 kB │ gzip:   0.58 kB
│  storybook-static/assets/rolldown-runtime-CsOFd3vK.js
│  1.25 kB │ gzip:   0.69 kB
│  storybook-static/assets/preload-helper-8jINIF9P.js
│  1.31 kB │ gzip:   0.74 kB
│  storybook-static/assets/separator-CBa5gc7N.js
│  1.34 kB │ gzip:   0.68 kB
│  storybook-static/assets/DocsRenderer-JROSPFPF-BcIrbagb.js
│  1.37 kB │ gzip:   0.73 kB
│  storybook-static/assets/spinner-DS85fnRz.js
│  1.38 kB │ gzip:   0.73 kB
│  storybook-static/assets/chunk-IMSF75WX-DNrZgEBt.js
│  1.67 kB │ gzip:   0.90 kB
│  storybook-static/assets/createLucideIcon-DC3PsovF.js
│  1.85 kB │ gzip:   0.94 kB
│  storybook-static/assets/dist-D3nm9Wz1.js
│  1.89 kB │ gzip:   0.83 kB
│  storybook-static/assets/dist-BVvM-nOU.js
│  1.90 kB │ gzip:   0.93 kB
│  storybook-static/assets/spinner.stories-HgP2TRHT.js
│  2.14 kB │ gzip:   1.03 kB
│  storybook-static/assets/native-select-CCZ09mof.js
│  2.16 kB │ gzip:   0.92 kB
│  storybook-static/assets/composite-mLehZS79.js
│  2.44 kB │ gzip:   0.94 kB
│  storybook-static/assets/button-group-Cm5ZDNEL.js
│  2.50 kB │ gzip:   0.96 kB
│  storybook-static/assets/toggle-BJA2uNIJ.js
│  2.52 kB │ gzip:   1.23 kB
│  storybook-static/assets/progress-DDr9vxG-.js
│  2.62 kB │ gzip:   1.28 kB
│  storybook-static/assets/breadcrumb-C7nMBz6j.js
│  2.82 kB │ gzip:   0.93 kB
│  storybook-static/assets/badge.stories-BK73cO0P.js
│  2.84 kB │ gzip:   1.15 kB
│  storybook-static/assets/dist-bexhUbdy.js
│  2.85 kB │ gzip:   1.25 kB
│  storybook-static/assets/dist-DesJ6QrM.js
│  2.85 kB │ gzip:   1.24 kB
│  storybook-static/assets/separator.stories-KgB23HJU.js
│  2.89 kB │ gzip:   1.23 kB
│  storybook-static/assets/BrandTokensTable.stories-BUNOzwyR.js
│  2.94 kB │ gzip:   1.17 kB
│  storybook-static/assets/dist-CZIV82ff.js
│  3.03 kB │ gzip:   1.36 kB
│  storybook-static/assets/button-C6Qsbd-0.js
│  3.38 kB │ gzip:   1.19 kB
│  storybook-static/assets/chunk-DRQKCCAG-B86Ue5fe.js
│  3.39 kB │ gzip:   1.41 kB
│  storybook-static/assets/progress.stories-C4e2XcKe.js
│  3.40 kB │ gzip:   1.55 kB
│  storybook-static/assets/scroll-area.stories-C4Nh9klr.js
│  3.76 kB │ gzip:   1.60 kB
│  storybook-static/assets/toggle.stories-BHb76hsi.js
│  3.78 kB │ gzip:   1.45 kB
│  storybook-static/assets/card-BUYpAbaC.js
│  3.80 kB │ gzip:   1.23 kB
│  storybook-static/assets/card.stories-ClLbm7uy.js
│  3.87 kB │ gzip:   1.42 kB
│  storybook-static/assets/native-select.stories-CkMxNL7X.js
│  3.94 kB │ gzip:   1.53 kB
│  storybook-static/assets/react-dom-DohlnDi3.js
│  3.97 kB │ gzip:   1.47 kB
│  storybook-static/assets/floating-ui.utils.dom-Cc95gus3.js
│  4.08 kB │ gzip:   1.82 kB
│  storybook-static/assets/breadcrumb.stories-x_lETcnE.js
│  4.10 kB │ gzip:   1.83 kB
│  storybook-static/assets/badge-ZZZ6JTYF.js
│  4.19 kB │ gzip:   1.22 kB
│  storybook-static/assets/input-group-BuwRtxIg.js
│  4.24 kB │ gzip:   1.43 kB
│  storybook-static/assets/sheet-BcWk0x_E.js
│  4.37 kB │ gzip:   1.34 kB
│  storybook-static/assets/popover.stories-Blwrnv1i.js
│  4.38 kB │ gzip:   1.74 kB
│  storybook-static/assets/label.stories-u--_gUGx.js
│  4.47 kB │ gzip:   1.72 kB
│  storybook-static/assets/spinner-DZJU1zq2.js
│  4.61 kB │ gzip:   1.86 kB
│  storybook-static/assets/dropdown-menu.stories-OogiENdZ.js
│  4.62 kB │ gzip:   1.81 kB
│  storybook-static/assets/useRenderElement-D7IQeaNu.js
│  4.69 kB │ gzip:   2.04 kB
│  storybook-static/assets/switch.stories-BGM82khH.js
│  4.77 kB │ gzip:   1.78 kB
│  storybook-static/assets/dist-B0i69Jwg.js
│  4.77 kB │ gzip:   2.07 kB
│  storybook-static/assets/kbd.stories-BgQRisbC.js
│  4.84 kB │ gzip:   1.93 kB
│  storybook-static/assets/selectable-docs-shared-CUZu4uUu.js
│  4.99 kB │ gzip:   1.34 kB
│  storybook-static/assets/avatar-Y4SpiOAf.js
│  5.01 kB │ gzip:   1.83 kB
│  storybook-static/assets/radio-group.stories-D6WDyXxZ.js
│  5.06 kB │ gzip:   1.91 kB
│  storybook-static/assets/tooltip.stories-haKy46-E.js
│  5.16 kB │ gzip:   1.88 kB
│  storybook-static/assets/alert.stories-PXyf_5LK.js
│  5.19 kB │ gzip:   1.89 kB
│  storybook-static/assets/checkbox.stories-CxDdoc42.js
│  5.23 kB │ gzip:   1.95 kB
│  storybook-static/assets/item-appearance-CX0OnRSh.js
│  5.33 kB │ gzip:   1.81 kB
│  storybook-static/assets/chunk-KJHJLCBK-B3D1ymOK.js
│  5.35 kB │ gzip:   2.05 kB
│  storybook-static/assets/ReleasesHistory.stories-B_Lu0CMl.js
│  5.42 kB │ gzip:   1.52 kB
│  storybook-static/assets/dist-DdmiPFrL.js
│  5.44 kB │ gzip:   1.99 kB
│  storybook-static/assets/dist-CkN6NbPj.js
│  5.54 kB │ gzip:   2.56 kB
│  storybook-static/assets/checkbox-3SrB1-2o.js
│  5.58 kB │ gzip:   2.32 kB
│  storybook-static/assets/dist-vj5yo65X.js
│  5.63 kB │ gzip:   2.04 kB
│  storybook-static/assets/switch-CmCR3lqE.js
│  5.70 kB │ gzip:   2.31 kB
│  storybook-static/assets/collapsible.stories-Cg7tJ0R6.js
│  5.71 kB │ gzip:   2.09 kB
│  storybook-static/assets/slider.stories-DKmmFcH5.js
│  5.73 kB │ gzip:   2.02 kB
│  storybook-static/assets/field-BEWm2XtY.js
│  5.87 kB │ gzip:   1.84 kB
│  storybook-static/assets/select.stories-D5cvfFeD.js
│  6.19 kB │ gzip:   2.25 kB
│  storybook-static/assets/input-otp.stories-DZGYnxU_.js
│  6.46 kB │ gzip:   2.27 kB
│  storybook-static/assets/input.stories-DpSX0U5z.js
│  6.67 kB │ gzip:   2.21 kB
│  storybook-static/assets/combobox.stories-tEnPIoB6.js
│  6.67 kB │ gzip:   2.31 kB
│  storybook-static/assets/separator-B2lD0Wkn.js
│  6.68 kB │ gzip:   2.25 kB
│  storybook-static/assets/empty.stories-Dk29VU_M.js
│  6.85 kB │ gzip:   2.38 kB
│  storybook-static/assets/button.stories-NUUEYzGU.js
│  7.28 kB │ gzip:   2.05 kB
│  storybook-static/assets/dist-BCU6two-.js
│  7.32 kB │ gzip:   2.69 kB
│  storybook-static/assets/label-9-QeMZ-C.js
│  7.44 kB │ gzip:   2.59 kB
│  storybook-static/assets/radio-group-9eHSNIKX.js
│  7.52 kB │ gzip:   2.89 kB
│  storybook-static/assets/date-picker.stories-C48vI19o.js
│  7.53 kB │ gzip:   2.82 kB
│  storybook-static/assets/button-group.stories-C3d-ckAi.js
│  7.80 kB │ gzip:   2.63 kB
│  storybook-static/assets/react-Z7gd5LxR.js
│  7.90 kB │ gzip:   3.03 kB
│  storybook-static/assets/alert-DeJ8Vt89.js
│  8.02 kB │ gzip:   2.64 kB
│  storybook-static/assets/field.stories-muAWN3UO.js
│  8.60 kB │ gzip:   2.76 kB
│  storybook-static/assets/stepper.stories-CeX3DtOx.js
│  8.80 kB │ gzip:   2.12 kB
│  storybook-static/assets/progress-4x2gPoPe.js
│  9.00 kB │ gzip:   2.95 kB
│  storybook-static/assets/pagination.stories-CDAoCm14.js
│  9.12 kB │ gzip:   2.78 kB
│  storybook-static/assets/tabs-overflow-DZZf5ZEE.js
│  9.19 kB │ gzip:   3.31 kB
│  storybook-static/assets/Introduction-BR_uHyOv.js
│  9.36 kB │ gzip:   3.18 kB
│  storybook-static/assets/card-C-qwwMGU.js
│  9.37 kB │ gzip:   2.90 kB
│  storybook-static/assets/hover-card-DBYno1hR.js
│  9.40 kB │ gzip:   3.08 kB
│  storybook-static/assets/accordion-Cbkl7OgD.js
│  9.50 kB │ gzip:   2.82 kB
│  storybook-static/assets/kbd-_SGPX6xA.js
│  9.74 kB │ gzip:   3.18 kB
│  storybook-static/assets/useAnchoredPopupScrollLock-Nnx18hj0.js
│  9.78 kB │ gzip:   4.22 kB
│  storybook-static/assets/scroll-area-D3mC4oJd.js
│  9.84 kB │ gzip:   3.22 kB
│  storybook-static/assets/checkbox-DFwsRKfA.js
│  9.94 kB │ gzip:   3.28 kB
│  storybook-static/assets/useSwipeDismiss-BaDbKA0U.js
│  9.96 kB │ gzip:   4.04 kB
│  storybook-static/assets/switch-Bqtj5m6B.js
│  10.02 kB │ gzip:   3.15 kB
│  storybook-static/assets/radio-group-BSL0QBpS.js
│  10.03 kB │ gzip:   3.22 kB
│  storybook-static/assets/empty-8yKx93uM.js
│  10.07 kB │ gzip:   3.03 kB
│  storybook-static/assets/accordion.stories-TtbLmi13.js
│  10.20 kB │ gzip:   3.89 kB
│  storybook-static/assets/attachment.stories-CKLcD7ol.js
│  10.31 kB │ gzip:   3.23 kB
│  storybook-static/assets/calendar.stories-C4F3f1kf.js
│  10.34 kB │ gzip:   3.36 kB
│  storybook-static/assets/tooltip-DMN6befX.js
│  10.35 kB │ gzip:   3.41 kB
│  storybook-static/assets/breadcrumb-upNgJU__.js
│  10.49 kB │ gzip:   3.24 kB
│  storybook-static/assets/tabs.stories-B0O-Tb2P.js
│  10.59 kB │ gzip:   3.20 kB
│  storybook-static/assets/tooltip-_z0-0vYc.js
│  10.61 kB │ gzip:   3.83 kB
│  storybook-static/assets/native-select-CuOHFhJj.js
│  10.67 kB │ gzip:   3.16 kB
│  storybook-static/assets/hover-card.stories-BrUJ0co9.js
│  10.78 kB │ gzip:   3.86 kB
│  storybook-static/assets/dropdown-menu-QwLIte40.js
│  10.80 kB │ gzip:   2.90 kB
│  storybook-static/assets/avatar.stories-BeH992wh.js
│  10.85 kB │ gzip:   3.41 kB
│  storybook-static/assets/toggle-hAuWt6D-.js
│  11.08 kB │ gzip:   3.40 kB
│  storybook-static/assets/table-cell-content-ByERSage.js
│  11.38 kB │ gzip:   3.26 kB
│  storybook-static/assets/collapsible-DEX7Z0uB.js
│  11.46 kB │ gzip:   3.35 kB
│  storybook-static/assets/alert-dialog.stories-KxuT7yVb.js
│  11.47 kB │ gzip:   3.13 kB
│  storybook-static/assets/slider-DbhX3F5Z.js
│  11.65 kB │ gzip:   3.72 kB
│  storybook-static/assets/slider-CAiViWFl.js
│  11.68 kB │ gzip:   4.52 kB
│  storybook-static/assets/resizable-BtzsKpCG.js
│  11.78 kB │ gzip:   3.40 kB
│  storybook-static/assets/popover-BMuuP3YQ.js
│  11.85 kB │ gzip:   3.63 kB
│  storybook-static/assets/input-otp-D62tCnyb.js
│  11.97 kB │ gzip:   4.67 kB
│  storybook-static/assets/table.stories-DR-GRkpQ.js
│  12.19 kB │ gzip:   3.89 kB
│  storybook-static/assets/toggle-group-CiW0j6n7.js
│  13.15 kB │ gzip:   3.88 kB
│  storybook-static/assets/alert-dialog-BPruUjxE.js
│  13.34 kB │ gzip:   3.47 kB
│  storybook-static/assets/date-picker-DNZG9g2b.js
│  13.82 kB │ gzip:   4.28 kB
│  storybook-static/assets/context-menu.stories-CsCi4dwT.js
│  13.86 kB │ gzip:   4.17 kB
│  storybook-static/assets/input-otp-VAhfCdi_.js
│  14.14 kB │ gzip:   4.26 kB
│  storybook-static/assets/toggle-group.stories-DFoJihV6.js
│  14.32 kB │ gzip:   4.69 kB
│  storybook-static/assets/badge-BcqfxfYK.js
│  14.34 kB │ gzip:   3.93 kB
│  storybook-static/assets/dist-2QDZGiAc.js
│  14.48 kB │ gzip:   4.90 kB
│  storybook-static/assets/attachment-C16Z7m9d.js
│  14.56 kB │ gzip:   4.04 kB
│  storybook-static/assets/scroll-area-DO7eCZXl.js
│  14.71 kB │ gzip:   4.63 kB
│  storybook-static/assets/pagination-QJdqZd97.js
│  14.82 kB │ gzip:   4.12 kB
│  storybook-static/assets/button-group-D1Wae4-7.js
│  15.66 kB │ gzip:   4.23 kB
│  storybook-static/assets/context-menu-BppD7yBb.js
│  15.93 kB │ gzip:   3.95 kB
│  storybook-static/assets/button-KemQgd_u.js
│  16.00 kB │ gzip:   4.24 kB
│  storybook-static/assets/image-DUEoTzUM.js
│  16.70 kB │ gzip:   6.28 kB
│  storybook-static/assets/carousel-Ds9ZZrxC.js
│  17.44 kB │ gzip:   5.15 kB
│  storybook-static/assets/dropdown-menu-DfJvvQoK.js
│  17.51 kB │ gzip:   4.13 kB
│  storybook-static/assets/input-BoRZRoKy.js
│  18.01 kB │ gzip:   5.12 kB
│  storybook-static/assets/es2015-DVEiNs9h.js
│  18.44 kB │ gzip:   7.03 kB
│  storybook-static/assets/floating-ui.react-dom-COOJCw2o.js
│  18.55 kB │ gzip:   7.34 kB
│  storybook-static/assets/toast-g9msnFh_.js
│  18.96 kB │ gzip:   5.36 kB
│  storybook-static/assets/select-_X3XDnLk.js
│  19.25 kB │ gzip:   5.23 kB
│  storybook-static/assets/navigation-menu-D8Zz4DgU.js
│  20.02 kB │ gzip:   5.29 kB
│  storybook-static/assets/menubar-VrjjRfoQ.js
│  20.47 kB │ gzip:   4.98 kB
│  storybook-static/assets/tabs-DlcWUqKi.js
│  20.63 kB │ gzip:   5.94 kB
│  storybook-static/assets/field-DOGeIz2D.js
│  20.86 kB │ gzip:   5.66 kB
│  storybook-static/assets/avatar-B9ezXr3X.js
│  21.72 kB │ gzip:   5.51 kB
│  storybook-static/assets/chunk-W22LQPXL-BxTOkpkO.js
│  22.73 kB │ gzip:   7.60 kB
│  storybook-static/assets/item.stories-D690GUkT.js
│  22.86 kB │ gzip:   5.99 kB
│  storybook-static/assets/menubar.stories-CLrl3sF2.js
│  23.08 kB │ gzip:   6.69 kB
│  storybook-static/assets/combobox-CfOrBopS.js
│  23.33 kB │ gzip:   6.10 kB
│  storybook-static/assets/stepper-example-qGlXekZ_.js
│  24.37 kB │ gzip:   6.75 kB
│  storybook-static/assets/inertValue-BfFxQZi1.js
│  24.40 kB │ gzip:   9.39 kB
│  storybook-static/assets/drawer-CWBH2pJG.js
│  25.10 kB │ gzip:   6.46 kB
│  storybook-static/assets/popover-4UmN0o6j.js
│  25.28 kB │ gzip:   8.83 kB
│  storybook-static/assets/table-BABASEf7.js
│  25.50 kB │ gzip:   7.19 kB
│  storybook-static/assets/navigation-menu.stories-CAjLBBm7.js
│  25.58 kB │ gzip:   8.07 kB
│  storybook-static/assets/select-ivVN7fQ9.js
│  25.66 kB │ gzip:   8.45 kB
│  storybook-static/assets/TypographyTable-D2wuc1PL.js
│  27.00 kB │ gzip:   6.03 kB
│  storybook-static/assets/calendar-DMNewa7U.js
│  27.04 kB │ gzip:   7.01 kB
│  storybook-static/assets/carousel.stories-BRyEUX87.js
│  27.63 kB │ gzip:  10.17 kB
│  storybook-static/assets/utils-Cr3XL-wn.js
│  27.68 kB │ gzip:   8.95 kB
│  storybook-static/vite-inject-mocker-entry.js
│  27.84 kB │ gzip:   9.66 kB
│  storybook-static/assets/matchers-JIUQ3HVY-D2RxGVML.js
│  28.79 kB │ gzip:   9.68 kB
│  storybook-static/assets/semantic-brand-token-values-G466iaLG.js
│  30.12 kB │ gzip:   6.06 kB
│  storybook-static/assets/Color-6AOWCN3U-v9tIQQ1f.js
│  30.40 kB │ gzip:  11.49 kB
│  storybook-static/assets/useScrollLock-CWwUKQXh.js
│  30.85 kB │ gzip:  10.91 kB
│  storybook-static/assets/data-table-BEYdcxVK.js
│  32.12 kB │ gzip:   8.48 kB
│  storybook-static/assets/toast.stories-Bb2rz5Vu.js
│  32.16 kB │ gzip:  10.65 kB
│  storybook-static/assets/WithTooltip-CDUNV5IS-BtSUXeD6.js
│  32.78 kB │ gzip:  11.49 kB
│  storybook-static/assets/item-BGc3ZXJo.js
│  34.01 kB │ gzip:   8.49 kB
│  storybook-static/assets/sidebar.stories-SiMPueoB.js
│  34.50 kB │ gzip:   9.60 kB
│  storybook-static/assets/sheet-CRUF5PzV.js
│  37.93 kB │ gzip:  10.73 kB
│  storybook-static/assets/resizable.stories-ClVHUnNI.js
│  38.62 kB │ gzip:  12.50 kB
│  storybook-static/assets/sidebar-WaUwWU5O.js
│  41.07 kB │ gzip:   9.80 kB
│  storybook-static/assets/drawer.stories-MS7ngtbr.js
│  47.68 kB │ gzip:  15.09 kB
│  storybook-static/assets/stepper-Ffa2ugAz.js
│  54.64 kB │ gzip:  13.05 kB
│  storybook-static/assets/theming-BbYBK-GI.js
│  55.40 kB │ gzip:  21.34 kB
│  storybook-static/assets/sheet.stories-Hv3WoDw1.js
│  58.15 kB │ gzip:  12.90 kB
│  storybook-static/assets/combobox-Bwd7sD8z.js
│  65.29 kB │ gzip:  22.25 kB
│  storybook-static/assets/syntaxhighlighter-QEQV7K2Y-CPMai-Qz.js
│  75.92 kB │ gzip:  27.27 kB
│  storybook-static/assets/calendar-B9vEmWUh.js
│  87.34 kB │ gzip:  25.51 kB
│  storybook-static/assets/data-table.stories-AscTFfZt.js
│  96.47 kB │ gzip:  25.66 kB
│  storybook-static/assets/BrandTokensTable-BZZ4VW7e.js
│  166.28 kB │ gzip:  21.22 kB
│  storybook-static/assets/blocks-B0FKji2E.js
│  191.57 kB │ gzip:  60.73 kB
│  storybook-static/assets/components-BibtD8kx.js
│  565.86 kB │ gzip: 180.15 kB
│  storybook-static/assets/axe-CShzAkcV.js
│  587.04 kB │ gzip: 160.26 kB
│  storybook-static/assets/ReleasesHistory-BQZheKG4.js
│  817.14 kB │ gzip: 155.95 kB
│  storybook-static/assets/iframe-B5oK1vA_.js
│  1,557.96 kB │ gzip: 441.68 kB

│
▲  Vite [plugin builtin:vite-reporter]
│  (!) Some chunks are larger than 500 kB after minification. Consider:
│  - Using dynamic import() to code-split the application
│  - Use build.rolldownOptions.output.codeSplitting to improve chunking:
│  ]8;;https://rolldown.rs/reference/OutputOptions.codeSplittinghttps://rolldown.rs/reference/OutputOptions.codeSplitting]8;;
│  - Adjust chunk size limit for this warning via
│  build.chunkSizeWarningLimit.
│  Vite ✓ built in 3.06s
│
▲  Vite [33m[PLUGIN_TIMINGS] [0mYour build spent 86% of 3.0s inside plugin hooks
│  (2.6s).
│  Measured inside the callback, so queue time is excluded and time the
│  callback itself awaited is not:
│  - storybook:react-docgen-plugin transform (37%, 1.1s, 4400 calls)
│  Those rows are 37% of the build; the rest of the 86% is below.
│  Not measurable — 5 hooks whose calls overlap, so elapsed time covers
│  work other calls were doing. Profile with `node --cpu-prof`:
│  - vite-plugin-storybook-nextjs-swc transform (4400 calls)
│  - vite:asset load (101 calls)
│  - plugin-csf transform (4400 calls)
│  … and 2 more
│  See ]8;;https://rolldown.rs/reference/InputOptions.checks#plugintimingshttps://rolldown.rs/reference/InputOptions.checks#plugintimings]8;;
│  for more details.

│
◇  Output directory: /Users/miguelarias/DEV/REINA
│  MADRE/ds-grm-documentation/storybook-static
│
└  Storybook build completed successfully

